=== models-local/Qwen_Qwen3-4B  12:57:49
Loading weights:   0%|          | 0/398 [00:00<?, ?it/s]Loading weights:  21%|██        | 82/398 [00:00<00:00, 799.40it/s]Loading weights:  47%|████▋     | 189/398 [00:00<00:00, 944.37it/s]Loading weights:  73%|███████▎  | 289/398 [00:00<00:00, 969.38it/s]Loading weights:  97%|█████████▋| 388/398 [00:00<00:00, 973.15it/s]Loading weights: 100%|██████████| 398/398 [00:00<00:00, 976.57it/s]
Warning: You are sending unauthenticated requests to the HF Hub. Please set a HF_TOKEN to enable higher rate limits and faster downloads.
  window 20/146  running ppl 13.2543  11.6 s/window  elapsed 3.9 min  eta 24.4 min
  window 40/146  running ppl 12.3826  12.3 s/window  elapsed 8.2 min  eta 21.8 min
  window 60/146  running ppl 12.6726  12.6 s/window  elapsed 12.6 min  eta 18.1 min
  window 80/146  running ppl 13.0573  12.5 s/window  elapsed 16.7 min  eta 13.8 min
  window 100/146  running ppl 13.6385  13.1 s/window  elapsed 21.8 min  eta 10.0 min
  window 120/146  running ppl 13.7210  13.2 s/window  elapsed 26.3 min  eta 5.7 min
  window 140/146  running ppl 13.5362  13.1 s/window  elapsed 30.6 min  eta 1.3 min
  window 146/146  running ppl 13.6377  13.1 s/window  elapsed 31.8 min  eta 0.0 min
Qwen_Qwen3-4B
  wikitext2 ppl = 13.6377   (146 x 2048 tok = 298,862 scored, cpu)
=== models-local/yang31210999_Qwen3-4B-PTQTP-1.58b  13:29:48
Loading weights:   0%|          | 0/398 [00:00<?, ?it/s]Loading weights:  23%|██▎       | 91/398 [00:00<00:00, 906.15it/s]Loading weights:  48%|████▊     | 191/398 [00:00<00:00, 958.02it/s]Loading weights:  74%|███████▍  | 295/398 [00:00<00:00, 984.35it/s]Loading weights: 100%|██████████| 398/398 [00:00<00:00, 1001.12it/s]
Warning: You are sending unauthenticated requests to the HF Hub. Please set a HF_TOKEN to enable higher rate limits and faster downloads.
  window 20/146  running ppl 15.5612  14.3 s/window  elapsed 4.8 min  eta 30.1 min
  window 40/146  running ppl 14.8427  15.1 s/window  elapsed 10.1 min  eta 26.6 min
  window 60/146  running ppl 15.0749  14.9 s/window  elapsed 14.9 min  eta 21.4 min
  window 80/146  running ppl 15.6107  14.3 s/window  elapsed 19.1 min  eta 15.7 min
  window 100/146  running ppl 16.2817  14.0 s/window  elapsed 23.3 min  eta 10.7 min
  window 120/146  running ppl 16.4507  13.7 s/window  elapsed 27.4 min  eta 5.9 min
  window 140/146  running ppl 16.2362  13.5 s/window  elapsed 31.6 min  eta 1.4 min
  window 146/146  running ppl 16.3804  13.5 s/window  elapsed 32.8 min  eta 0.0 min
yang31210999_Qwen3-4B-PTQTP-1.58b
  wikitext2 ppl = 16.3804   (146 x 2048 tok = 298,862 scored, cpu)
=== ALL DONE 14:02:46
  "perplexity": 13.637659617944767,
  "perplexity": 16.380392265628366,
